Godot Engine v4.7.stable.official.5b4e0cb0f - https://godotengine.org

PROGRESSION START single safe
CITY RUN single seed=731042 route=safe difficulty=0 won=true nodes=35 commands=494
PROGRESSION START single mixed
CITY RUN single seed=731042 route=mixed difficulty=0 won=true nodes=35 commands=343
PROGRESSION START burst safe
CITY RUN burst seed=731042 route=safe difficulty=0 won=true nodes=35 commands=472
PROGRESSION START burst mixed
CITY RUN burst seed=731042 route=mixed difficulty=0 won=true nodes=35 commands=344
PROGRESSION START scatter safe
CITY RUN scatter seed=731042 route=safe difficulty=0 won=true nodes=35 commands=558
PROGRESSION START scatter mixed
CITY RUN scatter seed=731042 route=mixed difficulty=0 won=true nodes=35 commands=356
PROGRESSION START heavy safe
CITY RUN heavy seed=731042 route=safe difficulty=0 won=true nodes=35 commands=594
PROGRESSION START heavy mixed
CITY RUN heavy seed=731042 route=mixed difficulty=0 won=true nodes=35 commands=388
PROGRESSION START amplifier safe
CITY RUN amplifier seed=731042 route=safe difficulty=0 won=true nodes=35 commands=490
PROGRESSION START amplifier mixed
CITY RUN amplifier seed=731042 route=mixed difficulty=0 won=true nodes=35 commands=374
CITY CAMPAIGN COMPLETE checks=27189 failures=0
